  Determining projects to restore...
  All projects are up-to-date for restore.
D:\code\BLML\src\Phase1-Foundation\AST\VB6SyntaxNode.cs(23,23): warning CS8618: Non-nullable property 'Value' must contain a non-null value when exiting constructor. Consider adding the 'required' modifier or declaring the property as nullable. [D:\code\BLML\src\BLML.Transpiler.csproj]
D:\code\BLML\src\Phase1-Foundation\AST\AstNodes.cs(33,23): warning CS8618: Non-nullable property 'Type' must contain a non-null value when exiting constructor. Consider adding the 'required' modifier or declaring the property as nullable. [D:\code\BLML\src\BLML.Transpiler.csproj]
D:\code\BLML\src\Phase1-Foundation\AST\AstNodes.cs(34,23): warning CS8618: Non-nullable property 'InitialValue' must contain a non-null value when exiting constructor. Consider adding the 'required' modifier or declaring the property as nullable. [D:\code\BLML\src\BLML.Transpiler.csproj]
D:\code\BLML\src\Phase1-Foundation\AST\AstNodes.cs(13,23): warning CS8618: Non-nullable property 'Name' must contain a non-null value when exiting constructor. Consider adding the 'required' modifier or declaring the property as nullable. [D:\code\BLML\src\BLML.Transpiler.csproj]
D:\code\BLML\src\Phase1-Foundation\Lexer\VB6Lexer.cs(25,23): warning CS8618: Non-nullable property 'Value' must contain a non-null value when exiting constructor. Consider adding the 'required' modifier or declaring the property as nullable. [D:\code\BLML\src\BLML.Transpiler.csproj]
D:\code\BLML\src\Phase1-Foundation\AST\AstNodes.cs(58,31): warning CS8618: Non-nullable property 'Expression' must contain a non-null value when exiting constructor. Consider adding the 'required' modifier or declaring the property as nullable. [D:\code\BLML\src\BLML.Transpiler.csproj]
D:\code\BLML\src\Phase1-Foundation\AST\AstNodes.cs(65,23): warning CS8618: Non-nullable property 'Value' must contain a non-null value when exiting constructor. Consider adding the 'required' modifier or declaring the property as nullable. [D:\code\BLML\src\BLML.Transpiler.csproj]
D:\code\BLML\src\Phase1-Foundation\ProjectModel\VB6Project.cs(39,23): warning CS8618: Non-nullable property 'Guid' must contain a non-null value when exiting constructor. Consider adding the 'required' modifier or declaring the property as nullable. [D:\code\BLML\src\BLML.Transpiler.csproj]
D:\code\BLML\src\Phase1-Foundation\ProjectModel\VB6Project.cs(40,23): warning CS8618: Non-nullable property 'Version' must contain a non-null value when exiting constructor. Consider adding the 'required' modifier or declaring the property as nullable. [D:\code\BLML\src\BLML.Transpiler.csproj]
D:\code\BLML\src\Phase1-Foundation\ProjectModel\VB6Project.cs(41,23): warning CS8618: Non-nullable property 'Lcid' must contain a non-null value when exiting constructor. Consider adding the 'required' modifier or declaring the property as nullable. [D:\code\BLML\src\BLML.Transpiler.csproj]
D:\code\BLML\src\Phase1-Foundation\ProjectModel\VB6Project.cs(42,23): warning CS8618: Non-nullable property 'Path' must contain a non-null value when exiting constructor. Consider adding the 'required' modifier or declaring the property as nullable. [D:\code\BLML\src\BLML.Transpiler.csproj]
D:\code\BLML\src\Phase1-Foundation\ProjectModel\VB6Project.cs(43,23): warning CS8618: Non-nullable property 'Name' must contain a non-null value when exiting constructor. Consider adding the 'required' modifier or declaring the property as nullable. [D:\code\BLML\src\BLML.Transpiler.csproj]
D:\code\BLML\src\Phase1-Foundation\AST\AstNodes.cs(75,31): warning CS8618: Non-nullable property 'Left' must contain a non-null value when exiting constructor. Consider adding the 'required' modifier or declaring the property as nullable. [D:\code\BLML\src\BLML.Transpiler.csproj]
D:\code\BLML\src\Phase1-Foundation\AST\AstNodes.cs(76,23): warning CS8618: Non-nullable property 'Operator' must contain a non-null value when exiting constructor. Consider adding the 'required' modifier or declaring the property as nullable. [D:\code\BLML\src\BLML.Transpiler.csproj]
D:\code\BLML\src\Phase1-Foundation\AST\AstNodes.cs(77,31): warning CS8618: Non-nullable property 'Right' must contain a non-null value when exiting constructor. Consider adding the 'required' modifier or declaring the property as nullable. [D:\code\BLML\src\BLML.Transpiler.csproj]
D:\code\BLML\src\Phase1-Foundation\AST\AstNodes.cs(27,23): warning CS8618: Non-nullable property 'Name' must contain a non-null value when exiting constructor. Consider adding the 'required' modifier or declaring the property as nullable. [D:\code\BLML\src\BLML.Transpiler.csproj]
D:\code\BLML\src\Phase1-Foundation\ProjectModel\VB6Project.cs(30,23): warning CS8618: Non-nullable property 'Guid' must contain a non-null value when exiting constructor. Consider adding the 'required' modifier or declaring the property as nullable. [D:\code\BLML\src\BLML.Transpiler.csproj]
D:\code\BLML\src\Phase1-Foundation\ProjectModel\VB6Project.cs(31,23): warning CS8618: Non-nullable property 'Version' must contain a non-null value when exiting constructor. Consider adding the 'required' modifier or declaring the property as nullable. [D:\code\BLML\src\BLML.Transpiler.csproj]
D:\code\BLML\src\Phase1-Foundation\ProjectModel\VB6Project.cs(32,23): warning CS8618: Non-nullable property 'Lcid' must contain a non-null value when exiting constructor. Consider adding the 'required' modifier or declaring the property as nullable. [D:\code\BLML\src\BLML.Transpiler.csproj]
D:\code\BLML\src\Phase1-Foundation\ProjectModel\VB6Project.cs(33,23): warning CS8618: Non-nullable property 'Path' must contain a non-null value when exiting constructor. Consider adding the 'required' modifier or declaring the property as nullable. [D:\code\BLML\src\BLML.Transpiler.csproj]
D:\code\BLML\src\Phase1-Foundation\ProjectModel\VB6Project.cs(34,23): warning CS8618: Non-nullable property 'Description' must contain a non-null value when exiting constructor. Consider adding the 'required' modifier or declaring the property as nullable. [D:\code\BLML\src\BLML.Transpiler.csproj]
D:\code\BLML\src\Phase1-Foundation\Parser\VB6Parser.cs(18,27): warning CS8618: Non-nullable property 'CSharpCode' must contain a non-null value when exiting constructor. Consider adding the 'required' modifier or declaring the property as nullable. [D:\code\BLML\src\BLML.Transpiler.csproj]
D:\code\BLML\src\Phase1-Foundation\AST\AstNodes.cs(70,23): warning CS8618: Non-nullable property 'Name' must contain a non-null value when exiting constructor. Consider adding the 'required' modifier or declaring the property as nullable. [D:\code\BLML\src\BLML.Transpiler.csproj]
D:\code\BLML\src\Phase1-Foundation\AST\AstNodes.cs(47,23): warning CS8618: Non-nullable property 'Name' must contain a non-null value when exiting constructor. Consider adding the 'required' modifier or declaring the property as nullable. [D:\code\BLML\src\BLML.Transpiler.csproj]
D:\code\BLML\src\Phase1-Foundation\AST\AstNodes.cs(48,23): warning CS8618: Non-nullable property 'Type' must contain a non-null value when exiting constructor. Consider adding the 'required' modifier or declaring the property as nullable. [D:\code\BLML\src\BLML.Transpiler.csproj]
D:\code\BLML\src\Phase1-Foundation\AST\AstNodes.cs(51,23): warning CS8618: Non-nullable property 'DefaultValue' must contain a non-null value when exiting constructor. Consider adding the 'required' modifier or declaring the property as nullable. [D:\code\BLML\src\BLML.Transpiler.csproj]
D:\code\BLML\src\Phase1-Foundation\AST\AstNodes.cs(40,23): warning CS8618: Non-nullable property 'ReturnType' must contain a non-null value when exiting constructor. Consider adding the 'required' modifier or declaring the property as nullable. [D:\code\BLML\src\BLML.Transpiler.csproj]
D:\code\BLML\src\Phase1-Foundation\AST\AstBuilder.cs(11,44): warning CS8603: Possible null reference return. [D:\code\BLML\src\BLML.Transpiler.csproj]
D:\code\BLML\src\Phase1-Foundation\ProjectModel\VB6Project.cs(8,23): warning CS8618: Non-nullable property 'Name' must contain a non-null value when exiting constructor. Consider adding the 'required' modifier or declaring the property as nullable. [D:\code\BLML\src\BLML.Transpiler.csproj]
D:\code\BLML\src\Phase1-Foundation\ProjectModel\VB6Project.cs(9,23): warning CS8618: Non-nullable property 'Type' must contain a non-null value when exiting constructor. Consider adding the 'required' modifier or declaring the property as nullable. [D:\code\BLML\src\BLML.Transpiler.csproj]
D:\code\BLML\src\Phase1-Foundation\ProjectModel\VB6Project.cs(10,23): warning CS8618: Non-nullable property 'Startup' must contain a non-null value when exiting constructor. Consider adding the 'required' modifier or declaring the property as nullable. [D:\code\BLML\src\BLML.Transpiler.csproj]
D:\code\BLML\src\Phase1-Foundation\ProjectModel\VB6Project.cs(11,23): warning CS8618: Non-nullable property 'HelpFile' must contain a non-null value when exiting constructor. Consider adding the 'required' modifier or declaring the property as nullable. [D:\code\BLML\src\BLML.Transpiler.csproj]
D:\code\BLML\src\Phase1-Foundation\ProjectModel\VB6Project.cs(12,23): warning CS8618: Non-nullable property 'Title' must contain a non-null value when exiting constructor. Consider adding the 'required' modifier or declaring the property as nullable. [D:\code\BLML\src\BLML.Transpiler.csproj]
D:\code\BLML\src\Phase1-Foundation\ProjectModel\VB6Project.cs(13,23): warning CS8618: Non-nullable property 'ExeName32' must contain a non-null value when exiting constructor. Consider adding the 'required' modifier or declaring the property as nullable. [D:\code\BLML\src\BLML.Transpiler.csproj]
D:\code\BLML\src\Phase1-Foundation\ProjectModel\VB6Project.cs(14,23): warning CS8618: Non-nullable property 'Command32' must contain a non-null value when exiting constructor. Consider adding the 'required' modifier or declaring the property as nullable. [D:\code\BLML\src\BLML.Transpiler.csproj]
D:\code\BLML\src\Phase1-Foundation\AST\AstBuilder.cs(35,38): warning CS8603: Possible null reference return. [D:\code\BLML\src\BLML.Transpiler.csproj]
D:\code\BLML\src\Phase1-Foundation\AST\AstBuilder.cs(47,28): warning CS8603: Possible null reference return. [D:\code\BLML\src\BLML.Transpiler.csproj]
D:\code\BLML\src\Phase1-Foundation\SymbolTable\SymbolTableBuilder.cs(56,31): warning CS8625: Cannot convert null literal to non-nullable reference type. [D:\code\BLML\src\BLML.Transpiler.csproj]
D:\code\BLML\src\Phase1-Foundation\Parser\VB6CodeGenerator.cs(58,20): warning CS8603: Possible null reference return. [D:\code\BLML\src\BLML.Transpiler.csproj]
D:\code\BLML\src\Phase1-Foundation\AST\AstBuilder.cs(60,63): warning CS8600: Converting null literal or possible null value to non-nullable type. [D:\code\BLML\src\BLML.Transpiler.csproj]
D:\code\BLML\src\Phase1-Foundation\Parser\VB6Parser.cs(97,28): error CS0103: The name 'ParseProperty' does not exist in the current context [D:\code\BLML\src\BLML.Transpiler.csproj]
D:\code\BLML\src\Phase1-Foundation\Parser\VB6Parser.cs(86,39): warning CS8603: Possible null reference return. [D:\code\BLML\src\BLML.Transpiler.csproj]
D:\code\BLML\src\Phase1-Foundation\Parser\VB6Parser.cs(105,28): warning CS8603: Possible null reference return. [D:\code\BLML\src\BLML.Transpiler.csproj]
D:\code\BLML\src\Phase1-Foundation\AST\AstBuilder.cs(123,38): warning CS8603: Possible null reference return. [D:\code\BLML\src\BLML.Transpiler.csproj]
D:\code\BLML\src\Phase1-Foundation\AST\AstBuilder.cs(145,66): warning CS8600: Converting null literal or possible null value to non-nullable type. [D:\code\BLML\src\BLML.Transpiler.csproj]
D:\code\BLML\src\Phase1-Foundation\Parser\VB6Parser.cs(183,39): warning CS8603: Possible null reference return. [D:\code\BLML\src\BLML.Transpiler.csproj]
D:\code\BLML\src\Phase1-Foundation\Parser\VB6Parser.cs(213,28): warning CS8603: Possible null reference return. [D:\code\BLML\src\BLML.Transpiler.csproj]
D:\code\BLML\src\Phase1-Foundation\Parser\VB6Parser.cs(224,97): warning CS8601: Possible null reference assignment. [D:\code\BLML\src\BLML.Transpiler.csproj]
D:\code\BLML\src\Phase1-Foundation\Parser\VB6Parser.cs(228,20): warning CS8603: Possible null reference return. [D:\code\BLML\src\BLML.Transpiler.csproj]
D:\code\BLML\src\Phase1-Foundation\Parser\VB6Parser.cs(294,39): warning CS8603: Possible null reference return. [D:\code\BLML\src\BLML.Transpiler.csproj]
D:\code\BLML\src\Phase1-Foundation\Parser\VB6Parser.cs(324,20): warning CS8603: Possible null reference return. [D:\code\BLML\src\BLML.Transpiler.csproj]
D:\code\BLML\src\Phase1-Foundation\Lexer\VB6Lexer.cs(376,20): warning CS8603: Possible null reference return. [D:\code\BLML\src\BLML.Transpiler.csproj]
D:\code\BLML\src\Phase1-Foundation\Parser\VB6Parser.cs(363,20): warning CS8603: Possible null reference return. [D:\code\BLML\src\BLML.Transpiler.csproj]
D:\code\BLML\src\Phase1-Foundation\Parser\VB6Parser.cs(373,20): warning CS8603: Possible null reference return. [D:\code\BLML\src\BLML.Transpiler.csproj]

Build FAILED.

D:\code\BLML\src\Phase1-Foundation\AST\VB6SyntaxNode.cs(23,23): warning CS8618: Non-nullable property 'Value' must contain a non-null value when exiting constructor. Consider adding the 'required' modifier or declaring the property as nullable. [D:\code\BLML\src\BLML.Transpiler.csproj]
D:\code\BLML\src\Phase1-Foundation\AST\AstNodes.cs(33,23): warning CS8618: Non-nullable property 'Type' must contain a non-null value when exiting constructor. Consider adding the 'required' modifier or declaring the property as nullable. [D:\code\BLML\src\BLML.Transpiler.csproj]
D:\code\BLML\src\Phase1-Foundation\AST\AstNodes.cs(34,23): warning CS8618: Non-nullable property 'InitialValue' must contain a non-null value when exiting constructor. Consider adding the 'required' modifier or declaring the property as nullable. [D:\code\BLML\src\BLML.Transpiler.csproj]
D:\code\BLML\src\Phase1-Foundation\AST\AstNodes.cs(13,23): warning CS8618: Non-nullable property 'Name' must contain a non-null value when exiting constructor. Consider adding the 'required' modifier or declaring the property as nullable. [D:\code\BLML\src\BLML.Transpiler.csproj]
D:\code\BLML\src\Phase1-Foundation\Lexer\VB6Lexer.cs(25,23): warning CS8618: Non-nullable property 'Value' must contain a non-null value when exiting constructor. Consider adding the 'required' modifier or declaring the property as nullable. [D:\code\BLML\src\BLML.Transpiler.csproj]
D:\code\BLML\src\Phase1-Foundation\AST\AstNodes.cs(58,31): warning CS8618: Non-nullable property 'Expression' must contain a non-null value when exiting constructor. Consider adding the 'required' modifier or declaring the property as nullable. [D:\code\BLML\src\BLML.Transpiler.csproj]
D:\code\BLML\src\Phase1-Foundation\AST\AstNodes.cs(65,23): warning CS8618: Non-nullable property 'Value' must contain a non-null value when exiting constructor. Consider adding the 'required' modifier or declaring the property as nullable. [D:\code\BLML\src\BLML.Transpiler.csproj]
D:\code\BLML\src\Phase1-Foundation\ProjectModel\VB6Project.cs(39,23): warning CS8618: Non-nullable property 'Guid' must contain a non-null value when exiting constructor. Consider adding the 'required' modifier or declaring the property as nullable. [D:\code\BLML\src\BLML.Transpiler.csproj]
D:\code\BLML\src\Phase1-Foundation\ProjectModel\VB6Project.cs(40,23): warning CS8618: Non-nullable property 'Version' must contain a non-null value when exiting constructor. Consider adding the 'required' modifier or declaring the property as nullable. [D:\code\BLML\src\BLML.Transpiler.csproj]
D:\code\BLML\src\Phase1-Foundation\ProjectModel\VB6Project.cs(41,23): warning CS8618: Non-nullable property 'Lcid' must contain a non-null value when exiting constructor. Consider adding the 'required' modifier or declaring the property as nullable. [D:\code\BLML\src\BLML.Transpiler.csproj]
D:\code\BLML\src\Phase1-Foundation\ProjectModel\VB6Project.cs(42,23): warning CS8618: Non-nullable property 'Path' must contain a non-null value when exiting constructor. Consider adding the 'required' modifier or declaring the property as nullable. [D:\code\BLML\src\BLML.Transpiler.csproj]
D:\code\BLML\src\Phase1-Foundation\ProjectModel\VB6Project.cs(43,23): warning CS8618: Non-nullable property 'Name' must contain a non-null value when exiting constructor. Consider adding the 'required' modifier or declaring the property as nullable. [D:\code\BLML\src\BLML.Transpiler.csproj]
D:\code\BLML\src\Phase1-Foundation\AST\AstNodes.cs(75,31): warning CS8618: Non-nullable property 'Left' must contain a non-null value when exiting constructor. Consider adding the 'required' modifier or declaring the property as nullable. [D:\code\BLML\src\BLML.Transpiler.csproj]
D:\code\BLML\src\Phase1-Foundation\AST\AstNodes.cs(76,23): warning CS8618: Non-nullable property 'Operator' must contain a non-null value when exiting constructor. Consider adding the 'required' modifier or declaring the property as nullable. [D:\code\BLML\src\BLML.Transpiler.csproj]
D:\code\BLML\src\Phase1-Foundation\AST\AstNodes.cs(77,31): warning CS8618: Non-nullable property 'Right' must contain a non-null value when exiting constructor. Consider adding the 'required' modifier or declaring the property as nullable. [D:\code\BLML\src\BLML.Transpiler.csproj]
D:\code\BLML\src\Phase1-Foundation\AST\AstNodes.cs(27,23): warning CS8618: Non-nullable property 'Name' must contain a non-null value when exiting constructor. Consider adding the 'required' modifier or declaring the property as nullable. [D:\code\BLML\src\BLML.Transpiler.csproj]
D:\code\BLML\src\Phase1-Foundation\ProjectModel\VB6Project.cs(30,23): warning CS8618: Non-nullable property 'Guid' must contain a non-null value when exiting constructor. Consider adding the 'required' modifier or declaring the property as nullable. [D:\code\BLML\src\BLML.Transpiler.csproj]
D:\code\BLML\src\Phase1-Foundation\ProjectModel\VB6Project.cs(31,23): warning CS8618: Non-nullable property 'Version' must contain a non-null value when exiting constructor. Consider adding the 'required' modifier or declaring the property as nullable. [D:\code\BLML\src\BLML.Transpiler.csproj]
D:\code\BLML\src\Phase1-Foundation\ProjectModel\VB6Project.cs(32,23): warning CS8618: Non-nullable property 'Lcid' must contain a non-null value when exiting constructor. Consider adding the 'required' modifier or declaring the property as nullable. [D:\code\BLML\src\BLML.Transpiler.csproj]
D:\code\BLML\src\Phase1-Foundation\ProjectModel\VB6Project.cs(33,23): warning CS8618: Non-nullable property 'Path' must contain a non-null value when exiting constructor. Consider adding the 'required' modifier or declaring the property as nullable. [D:\code\BLML\src\BLML.Transpiler.csproj]
D:\code\BLML\src\Phase1-Foundation\ProjectModel\VB6Project.cs(34,23): warning CS8618: Non-nullable property 'Description' must contain a non-null value when exiting constructor. Consider adding the 'required' modifier or declaring the property as nullable. [D:\code\BLML\src\BLML.Transpiler.csproj]
D:\code\BLML\src\Phase1-Foundation\Parser\VB6Parser.cs(18,27): warning CS8618: Non-nullable property 'CSharpCode' must contain a non-null value when exiting constructor. Consider adding the 'required' modifier or declaring the property as nullable. [D:\code\BLML\src\BLML.Transpiler.csproj]
D:\code\BLML\src\Phase1-Foundation\AST\AstNodes.cs(70,23): warning CS8618: Non-nullable property 'Name' must contain a non-null value when exiting constructor. Consider adding the 'required' modifier or declaring the property as nullable. [D:\code\BLML\src\BLML.Transpiler.csproj]
D:\code\BLML\src\Phase1-Foundation\AST\AstNodes.cs(47,23): warning CS8618: Non-nullable property 'Name' must contain a non-null value when exiting constructor. Consider adding the 'required' modifier or declaring the property as nullable. [D:\code\BLML\src\BLML.Transpiler.csproj]
D:\code\BLML\src\Phase1-Foundation\AST\AstNodes.cs(48,23): warning CS8618: Non-nullable property 'Type' must contain a non-null value when exiting constructor. Consider adding the 'required' modifier or declaring the property as nullable. [D:\code\BLML\src\BLML.Transpiler.csproj]
D:\code\BLML\src\Phase1-Foundation\AST\AstNodes.cs(51,23): warning CS8618: Non-nullable property 'DefaultValue' must contain a non-null value when exiting constructor. Consider adding the 'required' modifier or declaring the property as nullable. [D:\code\BLML\src\BLML.Transpiler.csproj]
D:\code\BLML\src\Phase1-Foundation\AST\AstNodes.cs(40,23): warning CS8618: Non-nullable property 'ReturnType' must contain a non-null value when exiting constructor. Consider adding the 'required' modifier or declaring the property as nullable. [D:\code\BLML\src\BLML.Transpiler.csproj]
D:\code\BLML\src\Phase1-Foundation\AST\AstBuilder.cs(11,44): warning CS8603: Possible null reference return. [D:\code\BLML\src\BLML.Transpiler.csproj]
D:\code\BLML\src\Phase1-Foundation\ProjectModel\VB6Project.cs(8,23): warning CS8618: Non-nullable property 'Name' must contain a non-null value when exiting constructor. Consider adding the 'required' modifier or declaring the property as nullable. [D:\code\BLML\src\BLML.Transpiler.csproj]
D:\code\BLML\src\Phase1-Foundation\ProjectModel\VB6Project.cs(9,23): warning CS8618: Non-nullable property 'Type' must contain a non-null value when exiting constructor. Consider adding the 'required' modifier or declaring the property as nullable. [D:\code\BLML\src\BLML.Transpiler.csproj]
D:\code\BLML\src\Phase1-Foundation\ProjectModel\VB6Project.cs(10,23): warning CS8618: Non-nullable property 'Startup' must contain a non-null value when exiting constructor. Consider adding the 'required' modifier or declaring the property as nullable. [D:\code\BLML\src\BLML.Transpiler.csproj]
D:\code\BLML\src\Phase1-Foundation\ProjectModel\VB6Project.cs(11,23): warning CS8618: Non-nullable property 'HelpFile' must contain a non-null value when exiting constructor. Consider adding the 'required' modifier or declaring the property as nullable. [D:\code\BLML\src\BLML.Transpiler.csproj]
D:\code\BLML\src\Phase1-Foundation\ProjectModel\VB6Project.cs(12,23): warning CS8618: Non-nullable property 'Title' must contain a non-null value when exiting constructor. Consider adding the 'required' modifier or declaring the property as nullable. [D:\code\BLML\src\BLML.Transpiler.csproj]
D:\code\BLML\src\Phase1-Foundation\ProjectModel\VB6Project.cs(13,23): warning CS8618: Non-nullable property 'ExeName32' must contain a non-null value when exiting constructor. Consider adding the 'required' modifier or declaring the property as nullable. [D:\code\BLML\src\BLML.Transpiler.csproj]
D:\code\BLML\src\Phase1-Foundation\ProjectModel\VB6Project.cs(14,23): warning CS8618: Non-nullable property 'Command32' must contain a non-null value when exiting constructor. Consider adding the 'required' modifier or declaring the property as nullable. [D:\code\BLML\src\BLML.Transpiler.csproj]
D:\code\BLML\src\Phase1-Foundation\AST\AstBuilder.cs(35,38): warning CS8603: Possible null reference return. [D:\code\BLML\src\BLML.Transpiler.csproj]
D:\code\BLML\src\Phase1-Foundation\AST\AstBuilder.cs(47,28): warning CS8603: Possible null reference return. [D:\code\BLML\src\BLML.Transpiler.csproj]
D:\code\BLML\src\Phase1-Foundation\SymbolTable\SymbolTableBuilder.cs(56,31): warning CS8625: Cannot convert null literal to non-nullable reference type. [D:\code\BLML\src\BLML.Transpiler.csproj]
D:\code\BLML\src\Phase1-Foundation\Parser\VB6CodeGenerator.cs(58,20): warning CS8603: Possible null reference return. [D:\code\BLML\src\BLML.Transpiler.csproj]
D:\code\BLML\src\Phase1-Foundation\AST\AstBuilder.cs(60,63): warning CS8600: Converting null literal or possible null value to non-nullable type. [D:\code\BLML\src\BLML.Transpiler.csproj]
D:\code\BLML\src\Phase1-Foundation\Parser\VB6Parser.cs(86,39): warning CS8603: Possible null reference return. [D:\code\BLML\src\BLML.Transpiler.csproj]
D:\code\BLML\src\Phase1-Foundation\Parser\VB6Parser.cs(105,28): warning CS8603: Possible null reference return. [D:\code\BLML\src\BLML.Transpiler.csproj]
D:\code\BLML\src\Phase1-Foundation\AST\AstBuilder.cs(123,38): warning CS8603: Possible null reference return. [D:\code\BLML\src\BLML.Transpiler.csproj]
D:\code\BLML\src\Phase1-Foundation\AST\AstBuilder.cs(145,66): warning CS8600: Converting null literal or possible null value to non-nullable type. [D:\code\BLML\src\BLML.Transpiler.csproj]
D:\code\BLML\src\Phase1-Foundation\Parser\VB6Parser.cs(183,39): warning CS8603: Possible null reference return. [D:\code\BLML\src\BLML.Transpiler.csproj]
D:\code\BLML\src\Phase1-Foundation\Parser\VB6Parser.cs(213,28): warning CS8603: Possible null reference return. [D:\code\BLML\src\BLML.Transpiler.csproj]
D:\code\BLML\src\Phase1-Foundation\Parser\VB6Parser.cs(224,97): warning CS8601: Possible null reference assignment. [D:\code\BLML\src\BLML.Transpiler.csproj]
D:\code\BLML\src\Phase1-Foundation\Parser\VB6Parser.cs(228,20): warning CS8603: Possible null reference return. [D:\code\BLML\src\BLML.Transpiler.csproj]
D:\code\BLML\src\Phase1-Foundation\Parser\VB6Parser.cs(294,39): warning CS8603: Possible null reference return. [D:\code\BLML\src\BLML.Transpiler.csproj]
D:\code\BLML\src\Phase1-Foundation\Parser\VB6Parser.cs(324,20): warning CS8603: Possible null reference return. [D:\code\BLML\src\BLML.Transpiler.csproj]
D:\code\BLML\src\Phase1-Foundation\Lexer\VB6Lexer.cs(376,20): warning CS8603: Possible null reference return. [D:\code\BLML\src\BLML.Transpiler.csproj]
D:\code\BLML\src\Phase1-Foundation\Parser\VB6Parser.cs(363,20): warning CS8603: Possible null reference return. [D:\code\BLML\src\BLML.Transpiler.csproj]
D:\code\BLML\src\Phase1-Foundation\Parser\VB6Parser.cs(373,20): warning CS8603: Possible null reference return. [D:\code\BLML\src\BLML.Transpiler.csproj]
D:\code\BLML\src\Phase1-Foundation\Parser\VB6Parser.cs(97,28): error CS0103: The name 'ParseProperty' does not exist in the current context [D:\code\BLML\src\BLML.Transpiler.csproj]
    53 Warning(s)
    1 Error(s)

Time Elapsed 00:00:00.78
